// Jest Snapshot v1, https://goo.gl/fbAQLP

exports[`MainPage snapshot should match the previous snapshot 1`] = `
<View
  style={
    Object {
      "backgroundColor": "white",
      "height": 200,
      "marginBottom": 20,
      "marginTop": 20,
    }
  }
>
  <View
    style={
      Object {
        "borderColor": "black",
        "flex": 4,
        "justifyContent": "space-around",
        "paddingLeft": 20,
        "paddingRight": 20,
      }
    }
  >
    <Text
      style={
        Object {
          "alignSelf": "stretch",
          "color": "black",
          "fontSize": 22,
          "fontWeight": "500",
          "textAlign": "left",
        }
      }
    >
      
    </Text>
  </View>
  <View
    style={
      Object {
        "alignItems": "flex-end",
        "borderTopColor": "gray",
        "borderTopWidth": 2,
        "flex": 1,
        "justifyContent": "center",
      }
    }
  >
    <Text
      style={
        Object {
          "alignSelf": "stretch",
          "color": "black",
          "fontSize": 18,
          "fontWeight": "400",
          "paddingRight": 30,
          "textAlign": "right",
        }
      }
    >
      Created On:
       
      
    </Text>
  </View>
</View>
`;
