// Jest Snapshot v1, https://goo.gl/fbAQLP

exports[`PersonalDetailsPage snapshot should match the previous snapshot 1`] = `
<View>
  <Text>
     PersonalDetailsPage 
  </Text>
</View>
`;
